# ******************************************************
# PLUTO 4.4-patch4 (Jun 2026) Grid File
# Generated on  Mon Aug 31 18:37:18 2026
# 
# DIMENSIONS: 2
# GEOMETRY:   SPHERICAL
# X1: [ 2.100000,  30.000000], 90 point(s), 3 ghosts
# X2: [ 0.000000,  1.570796], 45 point(s), 3 ghosts
# ******************************************************
90 
 1   2.100000000000e+00    2.162975193781e+00
 2   2.162975193781e+00    2.227838899483e+00
 3   2.227838899483e+00    2.294647750154e+00
 4   2.294647750154e+00    2.363460077166e+00
 5   2.363460077166e+00    2.434335961144e+00
 6   2.434335961144e+00    2.507337284421e+00
 7   2.507337284421e+00    2.582527785070e+00
 8   2.582527785070e+00    2.659973112551e+00
 9   2.659973112551e+00    2.739740885035e+00
 10   2.739740885035e+00    2.821900748438e+00
 11   2.821900748438e+00    2.906524437230e+00
 12   2.906524437230e+00    2.993685837071e+00
 13   2.993685837071e+00    3.083461049314e+00
 14   3.083461049314e+00    3.175928457456e+00
 15   3.175928457456e+00    3.271168795572e+00
 16   3.271168795572e+00    3.369265218807e+00
 17   3.369265218807e+00    3.470303375976e+00
 18   3.470303375976e+00    3.574371484348e+00
 19   3.574371484348e+00    3.681560406669e+00
 20   3.681560406669e+00    3.791963730492e+00
 21   3.791963730492e+00    3.905677849892e+00
 22   3.905677849892e+00    4.022802049627e+00
 23   4.022802049627e+00    4.143438591827e+00
 24   4.143438591827e+00    4.267692805275e+00
 25   4.267692805275e+00    4.395673177376e+00
 26   4.395673177376e+00    4.527491448874e+00
 27   4.527491448874e+00    4.663262711415e+00
 28   4.663262711415e+00    4.803105508037e+00
 29   4.803105508037e+00    4.947141936666e+00
 30   4.947141936666e+00    5.095497756725e+00
 31   5.095497756725e+00    5.248302498936e+00
 32   5.248302498936e+00    5.405689578409e+00
 33   5.405689578409e+00    5.567796411134e+00
 34   5.567796411134e+00    5.734764533957e+00
 35   5.734764533957e+00    5.906739728155e+00
 36   5.906739728155e+00    6.083872146725e+00
 37   6.083872146725e+00    6.266316445478e+00
 38   6.266316445478e+00    6.454231918073e+00
 39   6.454231918073e+00    6.647782635097e+00
 40   6.647782635097e+00    6.847137587317e+00
 41   6.847137587317e+00    7.052470833226e+00
 42   7.052470833226e+00    7.263961651017e+00
 43   7.263961651017e+00    7.481794695109e+00
 44   7.481794695109e+00    7.706160157374e+00
 45   7.706160157374e+00    7.937253933194e+00
 46   7.937253933194e+00    8.175277792496e+00
 47   8.175277792496e+00    8.420439555924e+00
 48   8.420439555924e+00    8.672953276286e+00
 49   8.672953276286e+00    8.933039425444e+00
 50   8.933039425444e+00    9.200925086812e+00
 51   9.200925086812e+00    9.476844153627e+00
 52   9.476844153627e+00    9.761037533156e+00
 53   9.761037533156e+00    1.005375335704e+01
 54   1.005375335704e+01    1.035524719794e+01
 55   1.035524719794e+01    1.066578229268e+01
 56   1.066578229268e+01    1.098562977206e+01
 57   1.098562977206e+01    1.131506889764e+01
 58   1.131506889764e+01    1.165438730548e+01
 59   1.165438730548e+01    1.200388125737e+01
 60   1.200388125737e+01    1.236385589943e+01
 61   1.236385589943e+01    1.273462552855e+01
 62   1.273462552855e+01    1.311651386683e+01
 63   1.311651386683e+01    1.350985434421e+01
 64   1.350985434421e+01    1.391499038958e+01
 65   1.391499038958e+01    1.433227573065e+01
 66   1.433227573065e+01    1.476207470278e+01
 67   1.476207470278e+01    1.520476256708e+01
 68   1.520476256708e+01    1.566072583806e+01
 69   1.566072583806e+01    1.613036262111e+01
 70   1.613036262111e+01    1.661408296008e+01
 71   1.661408296008e+01    1.711230919527e+01
 72   1.711230919527e+01    1.762547633224e+01
 73   1.762547633224e+01    1.815403242153e+01
 74   1.815403242153e+01    1.869843894994e+01
 75   1.869843894994e+01    1.925917124340e+01
 76   1.925917124340e+01    1.983671888203e+01
 77   1.983671888203e+01    2.043158612755e+01
 78   2.043158612755e+01    2.104429236357e+01
 79   2.104429236357e+01    2.167537254909e+01
 80   2.167537254909e+01    2.232537768555e+01
 81   2.232537768555e+01    2.299487529792e+01
 82   2.299487529792e+01    2.368444993024e+01
 83   2.368444993024e+01    2.439470365594e+01
 84   2.439470365594e+01    2.512625660354e+01
 85   2.512625660354e+01    2.587974749812e+01
 86   2.587974749812e+01    2.665583421893e+01
 87   2.665583421893e+01    2.745519437386e+01
 88   2.745519437386e+01    2.827852589100e+01
 89   2.827852589100e+01    2.912654762807e+01
 90   2.912654762807e+01    3.000000000000e+01
45 
 1   0.000000000000e+00    3.490658504444e-02
 2   3.490658504444e-02    6.981317008889e-02
 3   6.981317008889e-02    1.047197551333e-01
 4   1.047197551333e-01    1.396263401778e-01
 5   1.396263401778e-01    1.745329252222e-01
 6   1.745329252222e-01    2.094395102667e-01
 7   2.094395102667e-01    2.443460953111e-01
 8   2.443460953111e-01    2.792526803556e-01
 9   2.792526803556e-01    3.141592654000e-01
 10   3.141592654000e-01    3.490658504444e-01
 11   3.490658504444e-01    3.839724354889e-01
 12   3.839724354889e-01    4.188790205333e-01
 13   4.188790205333e-01    4.537856055778e-01
 14   4.537856055778e-01    4.886921906222e-01
 15   4.886921906222e-01    5.235987756667e-01
 16   5.235987756667e-01    5.585053607111e-01
 17   5.585053607111e-01    5.934119457556e-01
 18   5.934119457556e-01    6.283185308000e-01
 19   6.283185308000e-01    6.632251158444e-01
 20   6.632251158444e-01    6.981317008889e-01
 21   6.981317008889e-01    7.330382859333e-01
 22   7.330382859333e-01    7.679448709778e-01
 23   7.679448709778e-01    8.028514560222e-01
 24   8.028514560222e-01    8.377580410667e-01
 25   8.377580410667e-01    8.726646261111e-01
 26   8.726646261111e-01    9.075712111556e-01
 27   9.075712111556e-01    9.424777962000e-01
 28   9.424777962000e-01    9.773843812444e-01
 29   9.773843812444e-01    1.012290966289e+00
 30   1.012290966289e+00    1.047197551333e+00
 31   1.047197551333e+00    1.082104136378e+00
 32   1.082104136378e+00    1.117010721422e+00
 33   1.117010721422e+00    1.151917306467e+00
 34   1.151917306467e+00    1.186823891511e+00
 35   1.186823891511e+00    1.221730476556e+00
 36   1.221730476556e+00    1.256637061600e+00
 37   1.256637061600e+00    1.291543646644e+00
 38   1.291543646644e+00    1.326450231689e+00
 39   1.326450231689e+00    1.361356816733e+00
 40   1.361356816733e+00    1.396263401778e+00
 41   1.396263401778e+00    1.431169986822e+00
 42   1.431169986822e+00    1.466076571867e+00
 43   1.466076571867e+00    1.500983156911e+00
 44   1.500983156911e+00    1.535889741956e+00
 45   1.535889741956e+00    1.570796327000e+00
1 
 1   0.000000000000e+00    1.000000000000e+00
