# ******************************************************
# PLUTO 4.4-patch4 (Jun 2026) Grid File
# Generated on  Thu Oct  8 23:58:16 2026
# 
# DIMENSIONS: 2
# GEOMETRY:   SPHERICAL
# X1: [ 2.100000,  30.000000], 120 point(s), 3 ghosts
# X2: [ 0.000000,  1.570796], 90 point(s), 3 ghosts
# ******************************************************
120 
 1   2.100000000000e+00    2.147056522968e+00
 2   2.147056522968e+00    2.195167482294e+00
 3   2.195167482294e+00    2.244356505651e+00
 4   2.244356505651e+00    2.294647750154e+00
 5   2.294647750154e+00    2.346065914229e+00
 6   2.346065914229e+00    2.398636249741e+00
 7   2.398636249741e+00    2.452384574397e+00
 8   2.452384574397e+00    2.507337284421e+00
 9   2.507337284421e+00    2.563521367522e+00
 10   2.563521367522e+00    2.620964416146e+00
 11   2.620964416146e+00    2.679694641024e+00
 12   2.679694641024e+00    2.739740885035e+00
 13   2.739740885035e+00    2.801132637360e+00
 14   2.801132637360e+00    2.863900047972e+00
 15   2.863900047972e+00    2.928073942441e+00
 16   2.928073942441e+00    2.993685837071e+00
 17   2.993685837071e+00    3.060767954380e+00
 18   3.060767954380e+00    3.129353238925e+00
 19   3.129353238925e+00    3.199475373478e+00
 20   3.199475373478e+00    3.271168795572e+00
 21   3.271168795572e+00    3.344468714410e+00
 22   3.344468714410e+00    3.419411128160e+00
 23   3.419411128160e+00    3.496032841630e+00
 24   3.496032841630e+00    3.574371484348e+00
 25   3.574371484348e+00    3.654465529038e+00
 26   3.654465529038e+00    3.736354310515e+00
 27   3.736354310515e+00    3.820078045005e+00
 28   3.820078045005e+00    3.905677849892e+00
 29   3.905677849892e+00    3.993195763915e+00
 30   3.993195763915e+00    4.082674767809e+00
 31   4.082674767809e+00    4.174158805419e+00
 32   4.174158805419e+00    4.267692805275e+00
 33   4.267692805275e+00    4.363322702661e+00
 34   4.363322702661e+00    4.461095462172e+00
 35   4.461095462172e+00    4.561059100780e+00
 36   4.561059100780e+00    4.663262711415e+00
 37   4.663262711415e+00    4.767756487074e+00
 38   4.767756487074e+00    4.874591745473e+00
 39   4.874591745473e+00    4.983820954249e+00
 40   4.983820954249e+00    5.095497756725e+00
 41   5.095497756725e+00    5.209676998259e+00
 42   5.209676998259e+00    5.326414753175e+00
 43   5.326414753175e+00    5.445768352303e+00
 44   5.445768352303e+00    5.567796411134e+00
 45   5.567796411134e+00    5.692558858611e+00
 46   5.692558858611e+00    5.820116966551e+00
 47   5.820116966551e+00    5.950533379747e+00
 48   5.950533379747e+00    6.083872146725e+00
 49   6.083872146725e+00    6.220198751203e+00
 50   6.220198751203e+00    6.359580144251e+00
 51   6.359580144251e+00    6.502084777166e+00
 52   6.502084777166e+00    6.647782635097e+00
 53   6.647782635097e+00    6.796745271408e+00
 54   6.796745271408e+00    6.949045842822e+00
 55   6.949045842822e+00    7.104759145349e+00
 56   7.104759145349e+00    7.263961651017e+00
 57   7.263961651017e+00    7.426731545430e+00
 58   7.426731545430e+00    7.593148766164e+00
 59   7.593148766164e+00    7.763295042027e+00
 60   7.763295042027e+00    7.937253933194e+00
 61   7.937253933194e+00    8.115110872245e+00
 62   8.115110872245e+00    8.296953206124e+00
 63   8.296953206124e+00    8.482870239031e+00
 64   8.482870239031e+00    8.672953276286e+00
 65   8.672953276286e+00    8.867295669164e+00
 66   8.867295669164e+00    9.065992860743e+00
 67   9.065992860743e+00    9.269142432779e+00
 68   9.269142432779e+00    9.476844153627e+00
 69   9.476844153627e+00    9.689200027234e+00
 70   9.689200027234e+00    9.906314343244e+00
 71   9.906314343244e+00    1.012829372820e+01
 72   1.012829372820e+01    1.035524719794e+01
 73   1.035524719794e+01    1.058728621109e+01
 74   1.058728621109e+01    1.082452472383e+01
 75   1.082452472383e+01    1.106707924587e+01
 76   1.106707924587e+01    1.131506889764e+01
 77   1.131506889764e+01    1.156861546881e+01
 78   1.156861546881e+01    1.182784347810e+01
 79   1.182784347810e+01    1.209288023443e+01
 80   1.209288023443e+01    1.236385589943e+01
 81   1.236385589943e+01    1.264090355138e+01
 82   1.264090355138e+01    1.292415925057e+01
 83   1.292415925057e+01    1.321376210610e+01
 84   1.321376210610e+01    1.350985434421e+01
 85   1.350985434421e+01    1.381258137813e+01
 86   1.381258137813e+01    1.412209187950e+01
 87   1.412209187950e+01    1.443853785134e+01
 88   1.443853785134e+01    1.476207470278e+01
 89   1.476207470278e+01    1.509286132531e+01
 90   1.509286132531e+01    1.543106017083e+01
 91   1.543106017083e+01    1.577683733147e+01
 92   1.577683733147e+01    1.613036262111e+01
 93   1.613036262111e+01    1.649180965881e+01
 94   1.649180965881e+01    1.686135595404e+01
 95   1.686135595404e+01    1.723918299390e+01
 96   1.723918299390e+01    1.762547633224e+01
 97   1.762547633224e+01    1.802042568073e+01
 98   1.802042568073e+01    1.842422500213e+01
 99   1.842422500213e+01    1.883707260545e+01
 100   1.883707260545e+01    1.925917124340e+01
 101   1.925917124340e+01    1.969072821195e+01
 102   1.969072821195e+01    2.013195545212e+01
 103   2.013195545212e+01    2.058306965408e+01
 104   2.058306965408e+01    2.104429236357e+01
 105   2.104429236357e+01    2.151585009069e+01
 106   2.151585009069e+01    2.199797442115e+01
 107   2.199797442115e+01    2.249090213000e+01
 108   2.249090213000e+01    2.299487529792e+01
 109   2.299487529792e+01    2.351014143011e+01
 110   2.351014143011e+01    2.403695357782e+01
 111   2.403695357782e+01    2.457557046263e+01
 112   2.457557046263e+01    2.512625660354e+01
 113   2.512625660354e+01    2.568928244686e+01
 114   2.568928244686e+01    2.626492449899e+01
 115   2.626492449899e+01    2.685346546229e+01
 116   2.685346546229e+01    2.745519437386e+01
 117   2.745519437386e+01    2.807040674749e+01
 118   2.807040674749e+01    2.869940471884e+01
 119   2.869940471884e+01    2.934249719375e+01
 120   2.934249719375e+01    3.000000000000e+01
90 
 1   0.000000000000e+00    1.745329252222e-02
 2   1.745329252222e-02    3.490658504444e-02
 3   3.490658504444e-02    5.235987756667e-02
 4   5.235987756667e-02    6.981317008889e-02
 5   6.981317008889e-02    8.726646261111e-02
 6   8.726646261111e-02    1.047197551333e-01
 7   1.047197551333e-01    1.221730476556e-01
 8   1.221730476556e-01    1.396263401778e-01
 9   1.396263401778e-01    1.570796327000e-01
 10   1.570796327000e-01    1.745329252222e-01
 11   1.745329252222e-01    1.919862177444e-01
 12   1.919862177444e-01    2.094395102667e-01
 13   2.094395102667e-01    2.268928027889e-01
 14   2.268928027889e-01    2.443460953111e-01
 15   2.443460953111e-01    2.617993878333e-01
 16   2.617993878333e-01    2.792526803556e-01
 17   2.792526803556e-01    2.967059728778e-01
 18   2.967059728778e-01    3.141592654000e-01
 19   3.141592654000e-01    3.316125579222e-01
 20   3.316125579222e-01    3.490658504444e-01
 21   3.490658504444e-01    3.665191429667e-01
 22   3.665191429667e-01    3.839724354889e-01
 23   3.839724354889e-01    4.014257280111e-01
 24   4.014257280111e-01    4.188790205333e-01
 25   4.188790205333e-01    4.363323130556e-01
 26   4.363323130556e-01    4.537856055778e-01
 27   4.537856055778e-01    4.712388981000e-01
 28   4.712388981000e-01    4.886921906222e-01
 29   4.886921906222e-01    5.061454831444e-01
 30   5.061454831444e-01    5.235987756667e-01
 31   5.235987756667e-01    5.410520681889e-01
 32   5.410520681889e-01    5.585053607111e-01
 33   5.585053607111e-01    5.759586532333e-01
 34   5.759586532333e-01    5.934119457556e-01
 35   5.934119457556e-01    6.108652382778e-01
 36   6.108652382778e-01    6.283185308000e-01
 37   6.283185308000e-01    6.457718233222e-01
 38   6.457718233222e-01    6.632251158444e-01
 39   6.632251158444e-01    6.806784083667e-01
 40   6.806784083667e-01    6.981317008889e-01
 41   6.981317008889e-01    7.155849934111e-01
 42   7.155849934111e-01    7.330382859333e-01
 43   7.330382859333e-01    7.504915784556e-01
 44   7.504915784556e-01    7.679448709778e-01
 45   7.679448709778e-01    7.853981635000e-01
 46   7.853981635000e-01    8.028514560222e-01
 47   8.028514560222e-01    8.203047485444e-01
 48   8.203047485444e-01    8.377580410667e-01
 49   8.377580410667e-01    8.552113335889e-01
 50   8.552113335889e-01    8.726646261111e-01
 51   8.726646261111e-01    8.901179186333e-01
 52   8.901179186333e-01    9.075712111556e-01
 53   9.075712111556e-01    9.250245036778e-01
 54   9.250245036778e-01    9.424777962000e-01
 55   9.424777962000e-01    9.599310887222e-01
 56   9.599310887222e-01    9.773843812444e-01
 57   9.773843812444e-01    9.948376737667e-01
 58   9.948376737667e-01    1.012290966289e+00
 59   1.012290966289e+00    1.029744258811e+00
 60   1.029744258811e+00    1.047197551333e+00
 61   1.047197551333e+00    1.064650843856e+00
 62   1.064650843856e+00    1.082104136378e+00
 63   1.082104136378e+00    1.099557428900e+00
 64   1.099557428900e+00    1.117010721422e+00
 65   1.117010721422e+00    1.134464013944e+00
 66   1.134464013944e+00    1.151917306467e+00
 67   1.151917306467e+00    1.169370598989e+00
 68   1.169370598989e+00    1.186823891511e+00
 69   1.186823891511e+00    1.204277184033e+00
 70   1.204277184033e+00    1.221730476556e+00
 71   1.221730476556e+00    1.239183769078e+00
 72   1.239183769078e+00    1.256637061600e+00
 73   1.256637061600e+00    1.274090354122e+00
 74   1.274090354122e+00    1.291543646644e+00
 75   1.291543646644e+00    1.308996939167e+00
 76   1.308996939167e+00    1.326450231689e+00
 77   1.326450231689e+00    1.343903524211e+00
 78   1.343903524211e+00    1.361356816733e+00
 79   1.361356816733e+00    1.378810109256e+00
 80   1.378810109256e+00    1.396263401778e+00
 81   1.396263401778e+00    1.413716694300e+00
 82   1.413716694300e+00    1.431169986822e+00
 83   1.431169986822e+00    1.448623279344e+00
 84   1.448623279344e+00    1.466076571867e+00
 85   1.466076571867e+00    1.483529864389e+00
 86   1.483529864389e+00    1.500983156911e+00
 87   1.500983156911e+00    1.518436449433e+00
 88   1.518436449433e+00    1.535889741956e+00
 89   1.535889741956e+00    1.553343034478e+00
 90   1.553343034478e+00    1.570796327000e+00
1 
 1   0.000000000000e+00    1.000000000000e+00
